// Jest Snapshot v1, https://goo.gl/fbAQLP

exports[`LoginComponent Should validated input fields 1`] = `
Array [
  <div>
    <ForwardRef(WithStyles)
      anchorOrigin={
        Object {
          "horizontal": "center",
          "vertical": "top",
        }
      }
      autoHideDuration={5000}
      message={
        <span
          id="message-id"
        >
          
        </span>
      }
      onClose={[Function]}
      open={false}
    />
    <ForwardRef(WithStyles)
      id="cardidlogin"
    >
      <ForwardRef(WithStyles)>
        <ForwardRef(WithStyles)
          variant="h5"
        >
          <span
            className="font-color"
          >
            F
          </span>
          <span
            className="font-color"
          >
            u
          </span>
          <span
            className="font-color"
          >
            n
          </span>
          <span
            className="font-color"
          >
            d
          </span>
          <span
            className="font-color"
          >
            o
          </span>
          <span
            className="font-color"
          >
            o
          </span>
        </ForwardRef(WithStyles)>
        <ForwardRef(WithStyles)
          component="h2"
          variant="h6"
        >
          Sign in
        </ForwardRef(WithStyles)>
        <br />
        [Function]
        <ValidatorForm
          autoComplete="off"
          debounceTime={0}
          onError={[Function]}
          onSubmit={[Function]}
        >
          <br />
          <TextValidator
            className="Emaillogin"
            errorMessages={
              Array [
                "this field is required",
                "email is not valid",
              ]
            }
            label="Email"
            name="email"
            onChange={[Function]}
            validatorListener={[Function]}
            validators={
              Array [
                "required",
                "isEmail",
              ]
            }
            value=""
          />
          <br />
          <TextValidator
            className="Password"
            errorMessages={
              Array [
                "this field is required",
              ]
            }
            label="Password"
            name="password"
            onChange={[Function]}
            type="password"
            validatorListener={[Function]}
            validators={
              Array [
                "required",
              ]
            }
            value=""
          />
          <br />
          <div
            className="CreateAccount"
          >
            <button
              className="login-button-letter"
              onClick={[Function]}
            >
              Forgot Password?
            </button>
          </div>
          <br />
          <div
            className="LoginButton"
          >
            <button
              className="login-button-letter"
              onClick={[Function]}
            >
              Create account
            </button>
            <button
              className="button-letter"
              type="submit"
            >
              Login
            </button>
          </div>
        </ValidatorForm>
      </ForwardRef(WithStyles)>
    </ForwardRef(WithStyles)>
  </div>,
]
`;
